// Jest Snapshot v1, https://goo.gl/fbAQLP

exports[`<AddToCart /> renders and matches snapshot 1`] = `
<button
  onClick={[Function]}
  type="button"
>
  Add
   To Cart 
  <span
    aria-label="shopping cart"
    role="img"
  >
    ðŸ›’
  </span>
</button>
`;
