// Jest Snapshot v1, https://goo.gl/fbAQLP

exports[`<Nav /> renders a minimal nav when signed out 1`] = `
Array [
  <NavStyles
    data-test="nav"
  >
    <ul
      className="NavStyles-sc-11c0d2g-0 dKsAVP"
      data-test="nav"
    >
      <Link
        href="/"
      >
        <button
          onClick={[Function]}
          type="button"
        >
          Items
        </button>
      </Link>
      <Link
        href="/signup"
      >
        <button
          onClick={[Function]}
          type="button"
        >
          Sign In
        </button>
      </Link>
    </ul>
  </NavStyles>,
  <ul
    className="NavStyles-sc-11c0d2g-0 dKsAVP"
    data-test="nav"
  >
    <Link
      href="/"
    >
      <button
        onClick={[Function]}
        type="button"
      >
        Items
      </button>
    </Link>
    <Link
      href="/signup"
    >
      <button
        onClick={[Function]}
        type="button"
      >
        Sign In
      </button>
    </Link>
  </ul>,
]
`;

exports[`<Nav /> renders the amount of items in the cart 1`] = `
<div
  className="count CartCount__Dot-xxvp4g-1 fJsVOg"
>
  9
</div>
`;
